// Jest Snapshot v1, https://goo.gl/fbAQLP

exports[`Send Should correcly parse the json object 1`] = `mockConstructor {}`;
